*****************************************************************
      SolidWorks Corporation - IGES Processor Status Report
*****************************************************************
=================================================================
General Information
=================================================================
Sending System Product I.D.  : 643203319
Receiving System Product I.D.: 643203319
File Name                    : 643203319.igs
Sending System               : Pro/ENGINEER by Parametric Technology Corporation
Preprocessor Version         : 2004110
File Creation Date           : 090519.162354
Model Creation Date          : 090519.162354
Units                        : MM
Model Space Scale            : 1
Author                       : gga
Organization                 : Unknown


=================================================================
Entity Processing Information
=================================================================


=================================================================
Precision analysis of IGES file:
=================================================================
  Most prevalent number of significant digits:              13
  Highest number of significant digits:                     13
  Average number of significant digits:                9.10569
  Maximum distance to origin:                          91.0134
  Minimum distance to origin:                                0
  Effective number of significant digits:                   13


=================================================================
Entity Summary
=================================================================
-----------------------------------------------------------------
Type Name                                         Count Converted
---- ----                                         ----- ---------
100  Arc                                           7872      7872
102  Composite curve                              21448     21448
104  Conic arc                                      100       100
110  Line                                         90554     90554
120  Surface of revolution                         2782      2782
122  Tabulated cylinder                              17        17
124  Transformation matrix                         7972      7972
126  Rational B-spline curve                      10008     10008
128  Rational B-spline surface                     7628      7628
142  Curve on a parametric surface                10724     10724
144  Trimmed parametric surface                   10427     10427
314  Color definition                                 8         8
_________________________________________________________________


=================================================================
Result Summary
=================================================================
SolidWorks Feature Type                Count
-----------------------                -----
Solid feature(s)                       1
Surface feature(s)                     0
Curve/Sketch feature(s)                0
--------------------------------------------
Start time: Sunday, June 05, 2011 07:25:16
Finish time: Sunday, June 05, 2011 07:38:35
Processing time: 0 days, 00 hours, 13 mins, 19 secs
